Archive member included because of file (symbol)

c:/freescale/kds_v3/toolchain/bin/../lib/gcc/arm-none-eabi/4.8.4/../../../../arm-none-eabi/lib/armv7e-m/fpu\libg_s.a(lib_a-errno.o)
                              ./devices/utilities/fsl_sbrk.o (__errno)
c:/freescale/kds_v3/toolchain/bin/../lib/gcc/arm-none-eabi/4.8.4/../../../../arm-none-eabi/lib/armv7e-m/fpu\libg_s.a(lib_a-exit.o)
                              c:/freescale/kds_v3/toolchain/bin/../lib/gcc/arm-none-eabi/4.8.4/../../../../arm-none-eabi/lib/armv7e-m/fpu/crt0.o (exit)
c:/freescale/kds_v3/toolchain/bin/../lib/gcc/arm-none-eabi/4.8.4/../../../../arm-none-eabi/lib/armv7e-m/fpu\libg_s.a(lib_a-impure.o)
                              c:/freescale/kds_v3/toolchain/bin/../lib/gcc/arm-none-eabi/4.8.4/../../../../arm-none-eabi/lib/armv7e-m/fpu\libg_s.a(lib_a-exit.o) (_global_impure_ptr)
c:/freescale/kds_v3/toolchain/bin/../lib/gcc/arm-none-eabi/4.8.4/../../../../arm-none-eabi/lib/armv7e-m/fpu\libg_s.a(lib_a-init.o)
                              c:/freescale/kds_v3/toolchain/bin/../lib/gcc/arm-none-eabi/4.8.4/../../../../arm-none-eabi/lib/armv7e-m/fpu/crt0.o (__libc_init_array)
c:/freescale/kds_v3/toolchain/bin/../lib/gcc/arm-none-eabi/4.8.4/../../../../arm-none-eabi/lib/armv7e-m/fpu\libg_s.a(lib_a-memcpy-stub.o)
                              ./uLipeRtosPico/picokernel/k_message.o (memcpy)
c:/freescale/kds_v3/toolchain/bin/../lib/gcc/arm-none-eabi/4.8.4/../../../../arm-none-eabi/lib/armv7e-m/fpu\libg_s.a(lib_a-memmove.o)
                              ./devices/utilities/fsl_shell.o (memmove)
c:/freescale/kds_v3/toolchain/bin/../lib/gcc/arm-none-eabi/4.8.4/../../../../arm-none-eabi/lib/armv7e-m/fpu\libg_s.a(lib_a-memset.o)
                              c:/freescale/kds_v3/toolchain/bin/../lib/gcc/arm-none-eabi/4.8.4/../../../../arm-none-eabi/lib/armv7e-m/fpu/crt0.o (memset)
c:/freescale/kds_v3/toolchain/bin/../lib/gcc/arm-none-eabi/4.8.4/../../../../arm-none-eabi/lib/armv7e-m/fpu\libg_s.a(lib_a-strlen.o)
                              ./devices/utilities/fsl_debug_console.o (strlen)
c:/freescale/kds_v3/toolchain/bin/../lib/gcc/arm-none-eabi/4.8.4/../../../../arm-none-eabi/lib/armv7e-m/fpu\libnosys.a(_exit.o)
                              c:/freescale/kds_v3/toolchain/bin/../lib/gcc/arm-none-eabi/4.8.4/../../../../arm-none-eabi/lib/armv7e-m/fpu\libg_s.a(lib_a-exit.o) (_exit)

Discarded input sections

 .text          0x00000000        0x0 c:/freescale/kds_v3/toolchain/bin/../lib/gcc/arm-none-eabi/4.8.4/armv7e-m/fpu/crti.o
 .data          0x00000000        0x0 c:/freescale/kds_v3/toolchain/bin/../lib/gcc/arm-none-eabi/4.8.4/armv7e-m/fpu/crti.o
 .bss           0x00000000        0x0 c:/freescale/kds_v3/toolchain/bin/../lib/gcc/arm-none-eabi/4.8.4/armv7e-m/fpu/crti.o
 .data          0x00000000        0x4 c:/freescale/kds_v3/toolchain/bin/../lib/gcc/arm-none-eabi/4.8.4/armv7e-m/fpu/crtbegin.o
 .data          0x00000000        0x0 c:/freescale/kds_v3/toolchain/bin/../lib/gcc/arm-none-eabi/4.8.4/../../../../arm-none-eabi/lib/armv7e-m/fpu/crt0.o
 .bss           0x00000000        0x0 c:/freescale/kds_v3/toolchain/bin/../lib/gcc/arm-none-eabi/4.8.4/../../../../arm-none-eabi/lib/armv7e-m/fpu/crt0.o
 .ARM.extab     0x00000000        0x0 c:/freescale/kds_v3/toolchain/bin/../lib/gcc/arm-none-eabi/4.8.4/../../../../arm-none-eabi/lib/armv7e-m/fpu/crt0.o
 .text          0x00000000        0x0 ./uLipeRtosPico/picokernel/k_kernel.o
 .data          0x00000000        0x0 ./uLipeRtosPico/picokernel/k_kernel.o
 .bss           0x00000000        0x0 ./uLipeRtosPico/picokernel/k_kernel.o
 .text          0x00000000        0x0 ./uLipeRtosPico/picokernel/k_message.o
 .data          0x00000000        0x0 ./uLipeRtosPico/picokernel/k_message.o
 .bss           0x00000000        0x0 ./uLipeRtosPico/picokernel/k_message.o
 .text.ulipe_assert
                0x00000000       0x24 ./uLipeRtosPico/picokernel/k_message.o
 .text.message_handle_pend
                0x00000000       0xbc ./uLipeRtosPico/picokernel/k_message.o
 .text.message_insert
                0x00000000      0x190 ./uLipeRtosPico/picokernel/k_message.o
 .text.message_remove
                0x00000000      0x198 ./uLipeRtosPico/picokernel/k_message.o
 .debug_info    0x00000000      0x4f2 ./uLipeRtosPico/picokernel/k_message.o
 .debug_abbrev  0x00000000      0x161 ./uLipeRtosPico/picokernel/k_message.o
 .debug_aranges
                0x00000000       0x38 ./uLipeRtosPico/picokernel/k_message.o
 .debug_ranges  0x00000000       0x28 ./uLipeRtosPico/picokernel/k_message.o
 .debug_line    0x00000000      0x1f6 ./uLipeRtosPico/picokernel/k_message.o
 .debug_str     0x00000000      0x504 ./uLipeRtosPico/picokernel/k_message.o
 .comment       0x00000000       0x71 ./uLipeRtosPico/picokernel/k_message.o
 .ARM.attributes
                0x00000000       0x39 ./uLipeRtosPico/picokernel/k_message.o
 .debug_frame   0x00000000       0x90 ./uLipeRtosPico/picokernel/k_message.o
[...]
Memory Configuration

Name             Origin             Length             Attributes
m_interrupts     0x00000000         0x000003c0         xr
m_bootloader_config 0x000003c0         0x00000040         xr
m_flash_config   0x00000400         0x00000010         xr
m_text           0x00000410         0x0003fbf0         xr
m_data           0x1fff0000         0x00010000         rw
m_data_2         0x20000000         0x00030000         rw
*default*        0x00000000         0xffffffff

Linker script and memory map

LOAD c:/freescale/kds_v3/toolchain/bin/../lib/gcc/arm-none-eabi/4.8.4/armv7e-m/fpu/crti.o
LOAD c:/freescale/kds_v3/toolchain/bin/../lib/gcc/arm-none-eabi/4.8.4/armv7e-m/fpu/crtbegin.o
LOAD c:/freescale/kds_v3/toolchain/bin/../lib/gcc/arm-none-eabi/4.8.4/../../../../arm-none-eabi/lib/armv7e-m/fpu/crt0.o
START GROUP
LOAD ./uLipeRtosPico/picokernel/k_kernel.o
LOAD ./uLipeRtosPico/picokernel/k_message.o
LOAD ./uLipeRtosPico/picokernel/k_raw_timer.o
LOAD ./uLipeRtosPico/picokernel/k_sema.o
LOAD ./uLipeRtosPico/picokernel/k_thread.o
LOAD ./uLipeRtosPico/arch/intel_quark_se_c1000/x86_ia_mcu/k_port_x86_iamcu.o
LOAD ./uLipeRtosPico/arch/intel_quark_se_c1000/x86_ia_mcu/k_port_x86_iamcu_a.o
LOAD ./uLipeRtosPico/arch/arm_cm3_4_7/k_port_cm3_4_7.o
LOAD ./uLipeRtosPico/arch/arm_cm3_4_7/k_port_cm3_4_7_a.o
LOAD ./uLipeRtosPico/arch/arm_cm0/k_port_cm0.o
LOAD ./uLipeRtosPico/arch/arm_cm0/k_port_cm0_a.o
LOAD ./devices/utilities/fsl_debug_console.o
LOAD ./devices/utilities/fsl_notifier.o
LOAD ./devices/utilities/fsl_sbrk.o
LOAD ./devices/utilities/fsl_shell.o
LOAD ./devices/gcc/startup_MK82F25615.o
LOAD ./devices/drivers/fsl_adc16.o
LOAD ./devices/drivers/fsl_clock.o
LOAD ./devices/drivers/fsl_cmp.o
LOAD ./devices/drivers/fsl_cmt.o
LOAD ./devices/drivers/fsl_common.o
LOAD ./devices/drivers/fsl_crc.o
LOAD ./devices/drivers/fsl_dac.o
LOAD ./devices/drivers/fsl_dmamux.o
LOAD ./devices/drivers/fsl_dspi.o
LOAD ./devices/drivers/fsl_dspi_edma.o
LOAD ./devices/drivers/fsl_edma.o
LOAD ./devices/drivers/fsl_ewm.o
LOAD ./devices/drivers/fsl_flash.o
LOAD ./devices/drivers/fsl_flexbus.o
LOAD ./devices/drivers/fsl_flexio.o
LOAD ./devices/drivers/fsl_flexio_camera.o
LOAD ./devices/drivers/fsl_flexio_camera_edma.o
LOAD ./devices/drivers/fsl_flexio_i2c_master.o
LOAD ./devices/drivers/fsl_flexio_i2s.o
LOAD ./devices/drivers/fsl_flexio_i2s_edma.o
LOAD ./devices/drivers/fsl_flexio_spi.o
LOAD ./devices/drivers/fsl_flexio_spi_edma.o
LOAD ./devices/drivers/fsl_flexio_uart.o
LOAD ./devices/drivers/fsl_flexio_uart_edma.o
LOAD ./devices/drivers/fsl_ftm.o
LOAD ./devices/drivers/fsl_gpio.o
LOAD ./devices/drivers/fsl_i2c.o
LOAD ./devices/drivers/fsl_i2c_edma.o
LOAD ./devices/drivers/fsl_llwu.o
LOAD ./devices/drivers/fsl_lmem_cache.o
LOAD ./devices/drivers/fsl_lptmr.o
LOAD ./devices/drivers/fsl_lpuart.o
LOAD ./devices/drivers/fsl_lpuart_edma.o
LOAD ./devices/drivers/fsl_ltc.o
LOAD ./devices/drivers/fsl_ltc_edma.o
LOAD ./devices/drivers/fsl_pdb.o
LOAD ./devices/drivers/fsl_pit.o
LOAD ./devices/drivers/fsl_pmc.o
LOAD ./devices/drivers/fsl_qspi.o
LOAD ./devices/drivers/fsl_qspi_edma.o
LOAD ./devices/drivers/fsl_rcm.o
LOAD ./devices/drivers/fsl_rtc.o
LOAD ./devices/drivers/fsl_sai.o
LOAD ./devices/drivers/fsl_sai_edma.o
LOAD ./devices/drivers/fsl_sdhc.o
LOAD ./devices/drivers/fsl_sdramc.o
LOAD ./devices/drivers/fsl_sim.o
LOAD ./devices/drivers/fsl_smartcard_emvsim.o
LOAD ./devices/drivers/fsl_smartcard_phy_emvsim.o
LOAD ./devices/drivers/fsl_smartcard_phy_tda8035.o
LOAD ./devices/drivers/fsl_smc.o
LOAD ./devices/drivers/fsl_sysmpu.o
LOAD ./devices/drivers/fsl_tpm.o
LOAD ./devices/drivers/fsl_trng.o
LOAD ./devices/drivers/fsl_tsi_v4.o
LOAD ./devices/drivers/fsl_vref.o
LOAD ./devices/drivers/fsl_wdog.o
LOAD ./devices/system_MK82F25615.o
LOAD ./boards/board.o
LOAD ./boards/clock_config.o
LOAD ./boards/pin_mux.o
LOAD ./gpio_input_interrupt.o
LOAD c:/freescale/kds_v3/toolchain/bin/../lib/gcc/arm-none-eabi/4.8.4/../../../../arm-none-eabi/lib/armv7e-m/fpu\libg_s.a
LOAD c:/freescale/kds_v3/toolchain/bin/../lib/gcc/arm-none-eabi/4.8.4/armv7e-m/fpu\libgcc.a
LOAD c:/freescale/kds_v3/toolchain/bin/../lib/gcc/arm-none-eabi/4.8.4/../../../../arm-none-eabi/lib/armv7e-m/fpu\libnosys.a
END GROUP
LOAD c:/freescale/kds_v3/toolchain/bin/../lib/gcc/arm-none-eabi/4.8.4/../../../../arm-none-eabi/lib/armv7e-m/fpu\libstdc++_s.a
LOAD c:/freescale/kds_v3/toolchain/bin/../lib/gcc/arm-none-eabi/4.8.4/../../../../arm-none-eabi/lib/armv7e-m/fpu\libm.a
START GROUP
LOAD c:/freescale/kds_v3/toolchain/bin/../lib/gcc/arm-none-eabi/4.8.4/armv7e-m/fpu\libgcc.a
LOAD c:/freescale/kds_v3/toolchain/bin/../lib/gcc/arm-none-eabi/4.8.4/../../../../arm-none-eabi/lib/armv7e-m/fpu\libg_s.a
LOAD c:/freescale/kds_v3/toolchain/bin/../lib/gcc/arm-none-eabi/4.8.4/../../../../arm-none-eabi/lib/armv7e-m/fpu\libc_s.a
END GROUP
START GROUP
LOAD c:/freescale/kds_v3/toolchain/bin/../lib/gcc/arm-none-eabi/4.8.4/armv7e-m/fpu\libgcc.a
LOAD c:/freescale/kds_v3/toolchain/bin/../lib/gcc/arm-none-eabi/4.8.4/../../../../arm-none-eabi/lib/armv7e-m/fpu\libc_s.a
END GROUP
LOAD c:/freescale/kds_v3/toolchain/bin/../lib/gcc/arm-none-eabi/4.8.4/armv7e-m/fpu/crtend.o
LOAD c:/freescale/kds_v3/toolchain/bin/../lib/gcc/arm-none-eabi/4.8.4/armv7e-m/fpu/crtn.o
                0x00000400                HEAP_SIZE = DEFINED (__heap_size__)?__heap_size__:0x400
                0x00000400                STACK_SIZE = DEFINED (__stack_size__)?__stack_size__:0x400
                0x00000000                M_VECTOR_RAM_SIZE = DEFINED (__ram_vector_table__)?0x3c0:0x0

.interrupts     0x00000000      0x3c0
                0x00000000                __VECTOR_TABLE = .
                0x00000000                . = ALIGN (0x4)
 *(.isr_vector)
 .isr_vector    0x00000000      0x3c0 ./devices/gcc/startup_MK82F25615.o
                0x00000000                __isr_vector
                0x000003c0                . = ALIGN (0x4)

.bootloader_config
                0x000003c0        0x0
                0x000003c0                . = ALIGN (0x4)
 *(.BootloaderConfig)
                0x000003c0                . = ALIGN (0x4)

.flash_config   0x00000400       0x10
                0x00000400                . = ALIGN (0x4)
 *(.FlashConfig)
 .FlashConfig   0x00000400       0x10 ./devices/gcc/startup_MK82F25615.o
                0x00000410                . = ALIGN (0x4)

.text           0x00000410     0x4170
                0x00000410                . = ALIGN (0x4)
 *(.text)
 .text          0x00000410       0x54 c:/freescale/kds_v3/toolchain/bin/../lib/gcc/arm-none-eabi/4.8.4/armv7e-m/fpu/crtbegin.o
 .text          0x00000464       0x74 c:/freescale/kds_v3/toolchain/bin/../lib/gcc/arm-none-eabi/4.8.4/../../../../arm-none-eabi/lib/armv7e-m/fpu/crt0.o
                0x00000464                _start
                0x00000464                _mainCRTStartup
 .text          0x000004d8       0xa8 ./uLipeRtosPico/arch/arm_cm3_4_7/k_port_cm3_4_7_a.o
                0x000004d8                port_irq_lock
                0x000004ea                port_irq_unlock
                0x000004fa                port_from_isr
                0x00000508                port_set_break
                0x00000512                port_start_kernel
                0x00000522                SVC_Handler
                0x0000054c                PendSV_Handler
 .text          0x00000580      0x19c ./devices/gcc/startup_MK82F25615.o
                0x00000580                Reset_Handler
                0x000005e0                Reserved122_IRQHandler
                0x000005e0                Reserved111_IRQHandler
                0x000005e0                DebugMon_Handler
                0x000005e0                Reserved88_IRQHandler
                0x000005e0                LPTMR0_LPTMR1_IRQHandler
                0x000005e0                PIT0CH2_IRQHandler
                0x000005e0                PORTC_IRQHandler
                0x000005e0                Reserved85_IRQHandler
                0x000005e0                Reserved52_IRQHandler
                0x000005e0                DMA_Error_DriverIRQHandler
                0x000005e0                CMP0_IRQHandler
                0x000005e0                Reserved114_IRQHandler
                0x000005e0                Reserved93_IRQHandler
                0x000005e0                PIT0CH1_IRQHandler
                0x000005e0                BusFault_Handler
                0x000005e0                Reserved89_IRQHandler
                0x000005e0                FTM2_IRQHandler
                0x000005e0                Reserved99_IRQHandler
                0x000005e0                PORTE_IRQHandler
                0x000005e0                Reserved119_IRQHandler
                0x000005e0                LLWU_IRQHandler
                0x000005e0                Reserved84_IRQHandler
                0x000005e0                FTM3_IRQHandler
                0x000005e0                TSI0_IRQHandler
                0x000005e0                PIT0CH3_IRQHandler
                0x000005e0                FTFA_IRQHandler
                0x000005e0                Reserved92_IRQHandler
                0x000005e0                MCM_IRQHandler
                0x000005e0                SWI_IRQHandler
                0x000005e0                ADC0_IRQHandler
                0x000005e0                EMVSIM0_IRQHandler
                0x000005e0                UsageFault_Handler
                0x000005e0                Reserved51_IRQHandler
                0x000005e0                CMT_IRQHandler
                0x000005e0                FTM0_IRQHandler
                0x000005e0                QuadSPI0_DriverIRQHandler
                0x000005e0                LVD_LVW_IRQHandler
                0x000005e0                DefaultISR
                0x000005e0                Reserved106_IRQHandler
                0x000005e0                Reserved82_IRQHandler
                0x000005e0                CMP1_IRQHandler
                0x000005e0                Reserved71_IRQHandler
                0x000005e0                PORTD_IRQHandler
                0x000005e0                PORTB_IRQHandler
                0x000005e0                TPM1_IRQHandler
                0x000005e0                TPM2_IRQHandler
                0x000005e0                Reserved112_IRQHandler
                0x000005e0                RTC_IRQHandler
                0x000005e0                PDB0_IRQHandler
                0x000005e0                Reserved96_IRQHandler
                0x000005e0                FTM1_IRQHandler
                0x000005e0                PIT0CH0_IRQHandler
                0x000005e0                Reserved95_IRQHandler
                0x000005e0                Reserved121_IRQHandler
                0x000005e0                Reserved94_IRQHandler
                0x000005e0                Reserved118_IRQHandler
                0x000005e0                DAC0_IRQHandler
                0x000005e0                RTC_Seconds_IRQHandler
                0x000005e0                MCG_IRQHandler
                0x000005e0                Reserved108_IRQHandler
                0x000005e0                TRNG0_IRQHandler
                0x000005e0                Reserved117_IRQHandler
                0x000005e0                Reserved110_IRQHandler
                0x000005e0                Read_Collision_IRQHandler
                0x000005e0                LTC0_IRQHandler
                0x000005e0                Reserved98_IRQHandler
                0x000005e0                Reserved102_IRQHandler
                0x000005e0                Reserved91_IRQHandler
                0x000005e0                USBDCD_IRQHandler
                0x000005e0                Reserved101_IRQHandler
                0x000005e0                USB0_IRQHandler
                0x000005e0                EMVSIM1_IRQHandler
                0x000005e0                Reserved100_IRQHandler
                0x000005e0                WDOG_EWM_IRQHandler
                0x000005e0                MemManage_Handler
                0x000005e0                Reserved83_IRQHandler
                0x000005e0                Reserved115_IRQHandler
                0x000005e0                Reserved109_IRQHandler
                0x000005e0                Reserved113_IRQHandler
                0x000005e4                NMI_Handler
                0x000005e8                HardFault_Handler
                0x000005f4                SysTick_Handler
                0x000005f8                DMA0_DMA16_IRQHandler
                0x000005fc                DMA1_DMA17_IRQHandler
                0x00000600                DMA2_DMA18_IRQHandler
                0x00000604                DMA3_DMA19_IRQHandler
                0x00000608                DMA4_DMA20_IRQHandler
                0x0000060c                DMA5_DMA21_IRQHandler
                0x00000610                DMA6_DMA22_IRQHandler
                0x00000614                DMA7_DMA23_IRQHandler
                0x00000618                DMA8_DMA24_IRQHandler
                0x0000061c                DMA9_DMA25_IRQHandler
                0x00000620                DMA10_DMA26_IRQHandler
                0x00000624                DMA11_DMA27_IRQHandler
                0x00000628                DMA12_DMA28_IRQHandler
                0x0000062c                DMA13_DMA29_IRQHandler
                0x00000630                DMA14_DMA30_IRQHandler
                0x00000634                DMA15_DMA31_IRQHandler
                0x00000638                DMA_Error_IRQHandler
                0x0000063c                I2C0_IRQHandler
                0x00000640                I2C1_IRQHandler
                0x00000644                SPI0_IRQHandler
                0x00000648                SPI1_IRQHandler
                0x0000064c                I2S0_Tx_IRQHandler
                0x00000650                I2S0_Rx_IRQHandler
                0x00000654                LPUART0_IRQHandler
                0x00000658                LPUART1_IRQHandler
                0x0000065c                LPUART2_IRQHandler
                0x00000660                LPUART3_IRQHandler
                0x00000664                LPUART4_IRQHandler
                0x00000668                SPI2_IRQHandler
                0x0000066c                FLEXIO0_IRQHandler
                0x00000670                I2C2_IRQHandler
                0x00000674                SDHC_IRQHandler
                0x00000678                I2C3_IRQHandler
                0x0000067c                QuadSPI0_IRQHandler
 *(.text*)
 .text.sys_dlist_init
                0x0000071c       0x20 ./uLipeRtosPico/picokernel/k_kernel.o
 .text.sys_dlist_is_empty
                0x0000073c       0x24 ./uLipeRtosPico/picokernel/k_kernel.o
 .text.sys_dlist_peek_head
                0x00000760       0x24 ./uLipeRtosPico/picokernel/k_kernel.o
 .text.sys_dlist_append
                0x00000784       0x30 ./uLipeRtosPico/picokernel/k_kernel.o
 .text.sys_dlist_remove
                0x000007b4       0x28 ./uLipeRtosPico/picokernel/k_kernel.o
 .text.ulipe_assert
                0x000007dc       0x24 ./uLipeRtosPico/picokernel/k_kernel.o
 .text.k_idle_thread
                0x00000800       0x10 ./uLipeRtosPico/picokernel/k_kernel.o
 .text.k_sched  0x00000810       0xa0 ./uLipeRtosPico/picokernel/k_kernel.o
 .text.k_pend_obj
                0x000008b0       0xc4 ./uLipeRtosPico/picokernel/k_kernel.o
                0x000008b0                k_pend_obj
 .text.k_unpend_obj
                0x00000974       0xf0 ./uLipeRtosPico/picokernel/k_kernel.o
                0x00000974                k_unpend_obj
 .text.k_make_ready
                0x00000a64       0xbc ./uLipeRtosPico/picokernel/k_kernel.o
                0x00000a64                k_make_ready
 .text.k_make_not_ready
                0x00000b20       0xe4 ./uLipeRtosPico/picokernel/k_kernel.o
                0x00000b20                k_make_not_ready
 .text.k_yield  0x00000c04       0x7c ./uLipeRtosPico/picokernel/k_kernel.o
                0x00000c04                k_yield
 .text.k_sched_and_swap
                0x00000c80       0xa8 ./uLipeRtosPico/picokernel/k_kernel.o
                0x00000c80                k_sched_and_swap
 .text.k_work_list_init
                0x00000d28       0x38 ./uLipeRtosPico/picokernel/k_kernel.o
                0x00000d28                k_work_list_init
 .text.kernel_init
                0x00000d60       0x80 ./uLipeRtosPico/picokernel/k_kernel.o
                0x00000d60                kernel_init
 .text.kernel_start
                0x00000de0       0x5c ./uLipeRtosPico/picokernel/k_kernel.o
                0x00000de0                kernel_start
 .text.kernel_irq_in
                0x00000e3c       0x44 ./uLipeRtosPico/picokernel/k_kernel.o
                0x00000e3c                kernel_irq_in
 .text.kernel_irq_out
                0x00000e80       0x50 ./uLipeRtosPico/picokernel/k_kernel.o
                0x00000e80                kernel_irq_out
 .text.ulipe_assert
                0x00000ed0       0x24 ./uLipeRtosPico/picokernel/k_sema.o
 .text.semaphore_handle_celling
                0x00000ef4       0x40 ./uLipeRtosPico/picokernel/k_sema.o
 .text.semaphore_restore_prio
                0x00000f34       0x70 ./uLipeRtosPico/picokernel/k_sema.o
 .text.semaphore_take
                0x00000fa4      0x10c ./uLipeRtosPico/picokernel/k_sema.o
                0x00000fa4                semaphore_take
 .text.semaphore_give
                0x000010b0       0xf8 ./uLipeRtosPico/picokernel/k_sema.o
                0x000010b0                semaphore_give
 .text.sys_dlist_init
                0x000011a8       0x20 ./uLipeRtosPico/picokernel/k_thread.o
 .text.ulipe_assert
                0x000011c8       0x24 ./uLipeRtosPico/picokernel/k_thread.o
 .text.thread_handle_signal_act
                0x000011ec       0x80 ./uLipeRtosPico/picokernel/k_thread.o
 .text.thread_handle_signal_wait
                0x0000126c       0x3c ./uLipeRtosPico/picokernel/k_thread.o
 .text.thread_create
                0x000012a8      0x110 ./uLipeRtosPico/picokernel/k_thread.o
                0x000012a8                thread_create
 .text.thread_wait_signals
                0x000013b8      0x118 ./uLipeRtosPico/picokernel/k_thread.o
                0x000013b8                thread_wait_signals
 .text.thread_set_signals
                0x000014d0       0x84 ./uLipeRtosPico/picokernel/k_thread.o
                0x000014d0                thread_set_signals
 .text.thread_yield
                0x00001554       0x50 ./uLipeRtosPico/picokernel/k_thread.o
                0x00001554                thread_yield
 .text.thread_set_prio
                0x000015a4       0xd4 ./uLipeRtosPico/picokernel/k_thread.o
                0x000015a4                thread_set_prio
 .text.thread_get_current
                0x00001678       0x20 ./uLipeRtosPico/picokernel/k_thread.o
                0x00001678                thread_get_current
 .text.port_create_stack_frame
                0x00001698       0x9c ./uLipeRtosPico/arch/arm_cm3_4_7/k_port_cm3_4_7.o
                0x00001698                port_create_stack_frame
 .text.port_swap_req
                0x00001734       0x1c ./uLipeRtosPico/arch/arm_cm3_4_7/k_port_cm3_4_7.o
                0x00001734                port_swap_req
 .text.port_init_machine
                0x00001750       0x30 ./uLipeRtosPico/arch/arm_cm3_4_7/k_port_cm3_4_7.o
                0x00001750                port_init_machine
 .text.LPUART_EnableTx
                0x00001780       0x38 ./devices/utilities/fsl_debug_console.o
 .text.LPUART_EnableRx
                0x000017b8       0x38 ./devices/utilities/fsl_debug_console.o
 .text.DbgConsole_Init
                0x000017f0       0x90 ./devices/utilities/fsl_debug_console.o
                0x000017f0                DbgConsole_Init
 .text.DbgConsole_Printf
                0x00001880       0x40 ./devices/utilities/fsl_debug_console.o
                0x00001880                DbgConsole_Printf
 .text.DbgConsole_Putchar
                0x000018c0       0x38 ./devices/utilities/fsl_debug_console.o
                0x000018c0                DbgConsole_Putchar
 .text.DbgConsole_PrintfPaddingCharacter
                0x000018f8       0x40 ./devices/utilities/fsl_debug_console.o
 .text.DbgConsole_ConvertRadixNumToString
                0x00001938      0x118 ./devices/utilities/fsl_debug_console.o
 .text.DbgConsole_PrintfFormattedData
                0x00001a50      0x36c ./devices/utilities/fsl_debug_console.o
 .text.CLOCK_SetEr32kClock
                0x00001dbc       0x2c ./devices/drivers/fsl_clock.o
 .text.CLOCK_SetPllFllSelClock
                0x00001de8       0x58 ./devices/drivers/fsl_clock.o
 .text.OSC_SetExtRefClkConfig
                0x00001e40       0x40 ./devices/drivers/fsl_clock.o
 .text.OSC_SetCapLoad
                0x00001e80       0x34 ./devices/drivers/fsl_clock.o
 .text.CLOCK_GetOscRangeFromFreq
                0x00001eb4       0x3c ./devices/drivers/fsl_clock.o
 .text.CLOCK_GetOsc0ErClkUndivFreq
                0x00001ef0       0x48 ./devices/drivers/fsl_clock.o
                0x00001ef0                CLOCK_GetOsc0ErClkUndivFreq
 .text.CLOCK_GetOsc0ErClkFreq
                0x00001f38       0x10 ./devices/drivers/fsl_clock.o
                0x00001f38                CLOCK_GetOsc0ErClkFreq
 .text.CLOCK_SetSimConfig
                0x00001f48       0x44 ./devices/drivers/fsl_clock.o
                0x00001f48                CLOCK_SetSimConfig
 .text.CLOCK_SetExternalRefClkConfig
                0x00001f8c       0x6c ./devices/drivers/fsl_clock.o
                0x00001f8c                CLOCK_SetExternalRefClkConfig
 .text.CLOCK_SetInternalRefClkConfig
                0x00001ff8      0x104 ./devices/drivers/fsl_clock.o
                0x00001ff8                CLOCK_SetInternalRefClkConfig
 .text.CLOCK_EnablePll0
                0x000020fc       0x94 ./devices/drivers/fsl_clock.o
                0x000020fc                CLOCK_EnablePll0
 .text.CLOCK_InitOsc0
                0x00002190       0x8c ./devices/drivers/fsl_clock.o
                0x00002190                CLOCK_InitOsc0
 .text.CLOCK_SetPbeMode
                0x0000221c       0xb8 ./devices/drivers/fsl_clock.o
                0x0000221c                CLOCK_SetPbeMode
 .text.CLOCK_BootToPeeMode
                0x000022d4       0x74 ./devices/drivers/fsl_clock.o
                0x000022d4                CLOCK_BootToPeeMode
 .text.__assert_func
                0x00002348       0x28 ./devices/drivers/fsl_common.o
                0x00002348                __assert_func
 .text.DSPI_IsMaster
                0x00002370       0x1c ./devices/drivers/fsl_dspi.o
 .text.DSPI_CommonIRQHandler
                0x0000238c       0x3c ./devices/drivers/fsl_dspi.o
 .text.SPI0_DriverIRQHandler
                0x000023c8       0x3c ./devices/drivers/fsl_dspi.o
                0x000023c8                SPI0_DriverIRQHandler
 .text.SPI1_DriverIRQHandler
                0x00002404       0x3c ./devices/drivers/fsl_dspi.o
                0x00002404                SPI1_DriverIRQHandler
 .text.SPI2_DriverIRQHandler
                0x00002440       0x3c ./devices/drivers/fsl_dspi.o
                0x00002440                SPI2_DriverIRQHandler
 .text.EDMA_GetChannelStatusFlags
                0x0000247c       0x84 ./devices/drivers/fsl_edma.o
                0x0000247c                EDMA_GetChannelStatusFlags
 .text.EDMA_HandleIRQ
                0x00002500      0x15c ./devices/drivers/fsl_edma.o
                0x00002500                EDMA_HandleIRQ
 .text.DMA0_DMA16_DriverIRQHandler
                0x0000265c       0x48 ./devices/drivers/fsl_edma.o
                0x0000265c                DMA0_DMA16_DriverIRQHandler
 .text.DMA1_DMA17_DriverIRQHandler
                0x000026a4       0x48 ./devices/drivers/fsl_edma.o
                0x000026a4                DMA1_DMA17_DriverIRQHandler
 .text.DMA2_DMA18_DriverIRQHandler
                0x000026ec       0x48 ./devices/drivers/fsl_edma.o
                0x000026ec                DMA2_DMA18_DriverIRQHandler
 .text.DMA3_DMA19_DriverIRQHandler
                0x00002734       0x48 ./devices/drivers/fsl_edma.o
                0x00002734                DMA3_DMA19_DriverIRQHandler
 .text.DMA4_DMA20_DriverIRQHandler
                0x0000277c       0x48 ./devices/drivers/fsl_edma.o
                0x0000277c                DMA4_DMA20_DriverIRQHandler
 .text.DMA5_DMA21_DriverIRQHandler
                0x000027c4       0x48 ./devices/drivers/fsl_edma.o
                0x000027c4                DMA5_DMA21_DriverIRQHandler
 .text.DMA6_DMA22_DriverIRQHandler
                0x0000280c       0x48 ./devices/drivers/fsl_edma.o
                0x0000280c                DMA6_DMA22_DriverIRQHandler
 .text.DMA7_DMA23_DriverIRQHandler
                0x00002854       0x48 ./devices/drivers/fsl_edma.o
                0x00002854                DMA7_DMA23_DriverIRQHandler
 .text.DMA8_DMA24_DriverIRQHandler
                0x0000289c       0x48 ./devices/drivers/fsl_edma.o
                0x0000289c                DMA8_DMA24_DriverIRQHandler
 .text.DMA9_DMA25_DriverIRQHandler
                0x000028e4       0x48 ./devices/drivers/fsl_edma.o
                0x000028e4                DMA9_DMA25_DriverIRQHandler
 .text.DMA10_DMA26_DriverIRQHandler
                0x0000292c       0x48 ./devices/drivers/fsl_edma.o
                0x0000292c                DMA10_DMA26_DriverIRQHandler
 .text.DMA11_DMA27_DriverIRQHandler
                0x00002974       0x48 ./devices/drivers/fsl_edma.o
                0x00002974                DMA11_DMA27_DriverIRQHandler
 .text.DMA12_DMA28_DriverIRQHandler
                0x000029bc       0x48 ./devices/drivers/fsl_edma.o
                0x000029bc                DMA12_DMA28_DriverIRQHandler
 .text.DMA13_DMA29_DriverIRQHandler
                0x00002a04       0x48 ./devices/drivers/fsl_edma.o
                0x00002a04                DMA13_DMA29_DriverIRQHandler
 .text.DMA14_DMA30_DriverIRQHandler
                0x00002a4c       0x48 ./devices/drivers/fsl_edma.o
                0x00002a4c                DMA14_DMA30_DriverIRQHandler
 .text.DMA15_DMA31_DriverIRQHandler
                0x00002a94       0x48 ./devices/drivers/fsl_edma.o
                0x00002a94                DMA15_DMA31_DriverIRQHandler
 .text.FLEXIO_CommonIRQHandler
                0x00002adc       0x54 ./devices/drivers/fsl_flexio.o
                0x00002adc                FLEXIO_CommonIRQHandler
 .text.FLEXIO0_DriverIRQHandler
                0x00002b30        0xc ./devices/drivers/fsl_flexio.o
                0x00002b30                FLEXIO0_DriverIRQHandler
 .text.GPIO_WritePinOutput
                0x00002b3c       0x34 ./devices/drivers/fsl_gpio.o
 .text.GPIO_GetInstance
                0x00002b70       0x58 ./devices/drivers/fsl_gpio.o
 .text.GPIO_PinInit
                0x00002bc8       0x70 ./devices/drivers/fsl_gpio.o
                0x00002bc8                GPIO_PinInit
 .text.GPIO_ClearPinsInterruptFlags
                0x00002c38       0x30 ./devices/drivers/fsl_gpio.o
                0x00002c38                GPIO_ClearPinsInterruptFlags
 .text.I2C_TransferCommonIRQHandler
                0x00002c68       0x50 ./devices/drivers/fsl_i2c.o
 .text.I2C0_DriverIRQHandler
                0x00002cb8       0x1c ./devices/drivers/fsl_i2c.o
                0x00002cb8                I2C0_DriverIRQHandler
 .text.I2C1_DriverIRQHandler
                0x00002cd4       0x1c ./devices/drivers/fsl_i2c.o
                0x00002cd4                I2C1_DriverIRQHandler
 .text.I2C2_DriverIRQHandler
                0x00002cf0       0x1c ./devices/drivers/fsl_i2c.o
                0x00002cf0                I2C2_DriverIRQHandler
 .text.I2C3_DriverIRQHandler
                0x00002d0c       0x1c ./devices/drivers/fsl_i2c.o
                0x00002d0c                I2C3_DriverIRQHandler
 .text.CLOCK_EnableClock
                0x00002d28       0x34 ./devices/drivers/fsl_lpuart.o
 .text.LPUART_GetInstance
                0x00002d5c       0x58 ./devices/drivers/fsl_lpuart.o
                0x00002d5c                LPUART_GetInstance
 .text.LPUART_Init
                0x00002db4      0x32c ./devices/drivers/fsl_lpuart.o
                0x00002db4                LPUART_Init
 .text.LPUART_GetDefaultConfig
                0x000030e0       0x68 ./devices/drivers/fsl_lpuart.o
                0x000030e0                LPUART_GetDefaultConfig
 .text.LPUART_GetStatusFlags
                0x00003148       0x2c ./devices/drivers/fsl_lpuart.o
                0x00003148                LPUART_GetStatusFlags
 .text.LPUART_ClearStatusFlags
                0x00003174       0xa4 ./devices/drivers/fsl_lpuart.o
                0x00003174                LPUART_ClearStatusFlags
 .text.LPUART_WriteBlocking
                0x00003218       0x5c ./devices/drivers/fsl_lpuart.o
                0x00003218                LPUART_WriteBlocking
 .text.LPUART_ReadBlocking
                0x00003274       0xcc ./devices/drivers/fsl_lpuart.o
                0x00003274                LPUART_ReadBlocking
 .text.LPUART0_DriverIRQHandler
                0x00003340       0x20 ./devices/drivers/fsl_lpuart.o
                0x00003340                LPUART0_DriverIRQHandler
 .text.LPUART1_DriverIRQHandler
                0x00003360       0x20 ./devices/drivers/fsl_lpuart.o
                0x00003360                LPUART1_DriverIRQHandler
 .text.LPUART2_DriverIRQHandler
                0x00003380       0x20 ./devices/drivers/fsl_lpuart.o
                0x00003380                LPUART2_DriverIRQHandler
 .text.LPUART3_DriverIRQHandler
                0x000033a0       0x20 ./devices/drivers/fsl_lpuart.o
                0x000033a0                LPUART3_DriverIRQHandler
 .text.LPUART4_DriverIRQHandler
                0x000033c0       0x20 ./devices/drivers/fsl_lpuart.o
                0x000033c0                LPUART4_DriverIRQHandler
 .text.I2S0_Tx_DriverIRQHandler
                0x000033e0       0x44 ./devices/drivers/fsl_sai.o
                0x000033e0                I2S0_Tx_DriverIRQHandler
 .text.I2S0_Rx_DriverIRQHandler
                0x00003424       0x44 ./devices/drivers/fsl_sai.o
                0x00003424                I2S0_Rx_DriverIRQHandler
 .text.SDHC_DriverIRQHandler
                0x00003468       0x44 ./devices/drivers/fsl_sdhc.o
                0x00003468                SDHC_DriverIRQHandler
 .text.SystemInit
                0x000034ac       0x3c ./devices/system_MK82F25615.o
                0x000034ac                SystemInit
 .text.CLOCK_SetLpuartClock
                0x000034e8       0x38 ./boards/board.o
 .text.BOARD_InitDebugConsole
                0x00003520       0x2c ./boards/board.o
                0x00003520                BOARD_InitDebugConsole
 .text.CLOCK_SetSimSafeDivs
                0x0000354c       0x20 ./boards/clock_config.o
 .text.CLOCK_SetXtal0Freq
                0x0000356c       0x1c ./boards/clock_config.o
 .text.CLOCK_CONFIG_SetFllExtRefDiv
                0x00003588       0x38 ./boards/clock_config.o
 .text.BOARD_BootClockRUN
                0x000035c0       0x60 ./boards/clock_config.o
                0x000035c0                BOARD_BootClockRUN
 .text.CLOCK_EnableClock
                0x00003620       0x34 ./boards/pin_mux.o
 .text.PORT_SetPinConfig
                0x00003654       0x44 ./boards/pin_mux.o
 .text.PORT_SetPinMux
                0x00003698       0x38 ./boards/pin_mux.o
 .text.BOARD_InitPins
                0x000036d0       0x68 ./boards/pin_mux.o
                0x000036d0                BOARD_InitPins
 .text.NVIC_EnableIRQ
                0x00003738       0x30 ./gpio_input_interrupt.o
 .text.EnableIRQ
                0x00003768       0x28 ./gpio_input_interrupt.o
 .text.PORT_SetPinInterruptConfig
                0x00003790       0x38 ./gpio_input_interrupt.o
 .text.GPIO_TogglePinsOutput
                0x000037c8       0x1c ./gpio_input_interrupt.o
 .text.ulipe_assert
                0x000037e4       0x24 ./gpio_input_interrupt.o
 .text.PORTA_IRQHandler
                0x00003808       0x88 ./gpio_input_interrupt.o
                0x00003808                PORTA_IRQHandler
 .text.button_thread
                0x00003890       0x84 ./gpio_input_interrupt.o
 .text.low_prio_thread
                0x00003914       0x1c ./gpio_input_interrupt.o
 .text.hi_prio_thread
                0x00003930       0x1c ./gpio_input_interrupt.o
 .text.main     0x0000394c       0x54 ./gpio_input_interrupt.o
                0x0000394c                main
 .text.exit     0x000039a0       0x28 c:/freescale/kds_v3/toolchain/bin/../lib/gcc/arm-none-eabi/4.8.4/../../../../arm-none-eabi/lib/armv7e-m/fpu\libg_s.a(lib_a-exit.o)
                0x000039a0                exit
 .text.__libc_init_array
                0x000039c8       0x4c c:/freescale/kds_v3/toolchain/bin/../lib/gcc/arm-none-eabi/4.8.4/../../../../arm-none-eabi/lib/armv7e-m/fpu\libg_s.a(lib_a-init.o)
                0x000039c8                __libc_init_array
 .text.memset   0x00003a14       0x10 c:/freescale/kds_v3/toolchain/bin/../lib/gcc/arm-none-eabi/4.8.4/../../../../arm-none-eabi/lib/armv7e-m/fpu\libg_s.a(lib_a-memset.o)
                0x00003a14                memset
 .text.strlen   0x00003a24       0x10 c:/freescale/kds_v3/toolchain/bin/../lib/gcc/arm-none-eabi/4.8.4/../../../../arm-none-eabi/lib/armv7e-m/fpu\libg_s.a(lib_a-strlen.o)
                0x00003a24                strlen
 .text._exit    0x00003a34        0x4 c:/freescale/kds_v3/toolchain/bin/../lib/gcc/arm-none-eabi/4.8.4/../../../../arm-none-eabi/lib/armv7e-m/fpu\libnosys.a(_exit.o)
                0x00003a34                _exit
 *(.rodata)
 .rodata        0x00003a38       0x50 ./devices/drivers/fsl_clock.o
 .rodata        0x00003a88       0x40 ./devices/drivers/fsl_common.o
 .rodata        0x00003ac8       0xb4 ./devices/drivers/fsl_dspi.o
 .rodata        0x00003b7c      0x24c ./devices/drivers/fsl_edma.o
 .rodata        0x00003dc8       0x4c ./devices/drivers/fsl_gpio.o
 .rodata        0x00003e14      0x140 ./devices/drivers/fsl_lpuart.o
 .rodata        0x00003f54       0x74 ./devices/drivers/fsl_sai.o
 .rodata        0x00003fc8      0x338 ./devices/drivers/fsl_sdhc.o
 .rodata        0x00004300       0x28 ./boards/pin_mux.o
 .rodata        0x00004328        0x4 ./gpio_input_interrupt.o
 *(.rodata*)
 .rodata.k_clz_table
                0x0000432c       0x10 ./uLipeRtosPico/picokernel/k_kernel.o
 .rodata.__func__.6680
                0x0000433c       0x1c ./devices/drivers/fsl_clock.o
 .rodata.__func__.6831
                0x00004358       0x14 ./devices/drivers/fsl_clock.o
 .rodata.__func__.6973
                0x0000436c       0x14 ./devices/drivers/fsl_clock.o
 .rodata.__func__.7040
                0x00004380       0x14 ./devices/drivers/fsl_clock.o
 .rodata.__func__.7303
                0x00004394       0x18 ./devices/drivers/fsl_dspi.o
 .rodata.__func__.7307
                0x000043ac       0x18 ./devices/drivers/fsl_dspi.o
 .rodata.__func__.7311
                0x000043c4       0x18 ./devices/drivers/fsl_dspi.o
 .rodata.__func__.7036
                0x000043dc       0x1c ./devices/drivers/fsl_edma.o
 .rodata.__func__.7122
                0x000043f8       0x10 ./devices/drivers/fsl_edma.o
 .rodata.s_portBases
                0x00004408       0x14 ./devices/drivers/fsl_gpio.o
 .rodata.s_gpioBases
                0x0000441c       0x14 ./devices/drivers/fsl_gpio.o
 .rodata.__func__.6655
                0x00004430       0x14 ./devices/drivers/fsl_gpio.o
 .rodata.__func__.6661
                0x00004444       0x10 ./devices/drivers/fsl_gpio.o
 .rodata.s_lpuartBases
                0x00004454       0x14 ./devices/drivers/fsl_lpuart.o
 .rodata.s_lpuartClock
                0x00004468       0x14 ./devices/drivers/fsl_lpuart.o
 .rodata.__func__.6839
                0x0000447c       0x14 ./devices/drivers/fsl_lpuart.o
 .rodata.__func__.6877
                0x00004490        0xc ./devices/drivers/fsl_lpuart.o
 .rodata.__func__.6904
                0x0000449c       0x18 ./devices/drivers/fsl_lpuart.o
 .rodata.__func__.6950
                0x000044b4       0x18 ./devices/drivers/fsl_lpuart.o
 .rodata.__func__.6962
                0x000044cc       0x14 ./devices/drivers/fsl_lpuart.o
 .rodata.__func__.7172
                0x000044e0       0x1c ./devices/drivers/fsl_sai.o
 .rodata.__func__.7176
                0x000044fc       0x1c ./devices/drivers/fsl_sai.o
 .rodata.__func__.7350
                0x00004518       0x18 ./devices/drivers/fsl_sdhc.o
 .rodata.mcgConfig_BOARD_BootClockRUN
                0x00004530        0xc ./boards/clock_config.o
                0x00004530                mcgConfig_BOARD_BootClockRUN
 .rodata.simConfig_BOARD_BootClockRUN
                0x0000453c        0x8 ./boards/clock_config.o
                0x0000453c                simConfig_BOARD_BootClockRUN
 .rodata.oscConfig_BOARD_BootClockRUN
                0x00004544        0x8 ./boards/clock_config.o
                0x00004544                oscConfig_BOARD_BootClockRUN
 .rodata.__func__.6680
                0x0000454c       0x14 ./boards/pin_mux.o
 .rodata.str1.1
                0x00004560        0x2 c:/freescale/kds_v3/toolchain/bin/../lib/gcc/arm-none-eabi/4.8.4/../../../../arm-none-eabi/lib/armv7e-m/fpu\libg_s.a(lib_a-impure.o)
 *fill*         0x00004562        0x2 
 .rodata._global_impure_ptr
                0x00004564        0x4 c:/freescale/kds_v3/toolchain/bin/../lib/gcc/arm-none-eabi/4.8.4/../../../../arm-none-eabi/lib/armv7e-m/fpu\libg_s.a(lib_a-impure.o)
                0x00004564                _global_impure_ptr
 *(.glue_7)
 .glue_7        0x00000000        0x0 linker stubs
 *(.glue_7t)
 .glue_7t       0x00000000        0x0 linker stubs
 *(.eh_frame)
 .eh_frame      0x00004568        0x0 c:/freescale/kds_v3/toolchain/bin/../lib/gcc/arm-none-eabi/4.8.4/armv7e-m/fpu/crtbegin.o
 *(.init)
 .init          0x00004568        0x4 c:/freescale/kds_v3/toolchain/bin/../lib/gcc/arm-none-eabi/4.8.4/armv7e-m/fpu/crti.o
                0x00004568                _init
 .init          0x0000456c        0x8 c:/freescale/kds_v3/toolchain/bin/../lib/gcc/arm-none-eabi/4.8.4/armv7e-m/fpu/crtn.o
 *(.fini)
 .fini          0x00004574        0x4 c:/freescale/kds_v3/toolchain/bin/../lib/gcc/arm-none-eabi/4.8.4/armv7e-m/fpu/crti.o
                0x00004574                _fini
 .fini          0x00004578        0x8 c:/freescale/kds_v3/toolchain/bin/../lib/gcc/arm-none-eabi/4.8.4/armv7e-m/fpu/crtn.o
                0x00004580                . = ALIGN (0x4)

.vfp11_veneer   0x00004580        0x0
 .vfp11_veneer  0x00000000        0x0 linker stubs

.v4_bx          0x00004580        0x0
 .v4_bx         0x00000000        0x0 linker stubs

.iplt           0x00004580        0x0
 .iplt          0x00000000        0x0 c:/freescale/kds_v3/toolchain/bin/../lib/gcc/arm-none-eabi/4.8.4/armv7e-m/fpu/crtbegin.o

.ARM.extab
 *(.ARM.extab* .gnu.linkonce.armextab.*)

.ARM            0x00004580        0x8
                0x00004580                __exidx_start = .
 *(.ARM.exidx*)
 .ARM.exidx     0x00004580        0x8 c:/freescale/kds_v3/toolchain/bin/../lib/gcc/arm-none-eabi/4.8.4/../../../../arm-none-eabi/lib/armv7e-m/fpu/crt0.o
                0x00004588                __exidx_end = .

.rel.dyn        0x00004588        0x0
 .rel.iplt      0x00000000        0x0 c:/freescale/kds_v3/toolchain/bin/../lib/gcc/arm-none-eabi/4.8.4/armv7e-m/fpu/crtbegin.o

.ctors          0x00004588        0x0
                0x00004588                __CTOR_LIST__ = .
 *crtbegin.o(.ctors)
 *crtbegin?.o(.ctors)
 *(EXCLUDE_FILE(*crtend.o *crtend?.o) .ctors)
 *(SORT(.ctors.*))
 *(.ctors)
                0x00004588                __CTOR_END__ = .

.dtors          0x00004588        0x0
                0x00004588                __DTOR_LIST__ = .
 *crtbegin.o(.dtors)
 *crtbegin?.o(.dtors)
 *(EXCLUDE_FILE(*crtend.o *crtend?.o) .dtors)
 *(SORT(.dtors.*))
 *(.dtors)
                0x00004588                __DTOR_END__ = .

.preinit_array  0x00004588        0x0
                0x00004588                PROVIDE (__preinit_array_start, .)
 *(.preinit_array*)
                0x00004588                PROVIDE (__preinit_array_end, .)

.init_array     0x00004588        0x4
                0x00004588                PROVIDE (__init_array_start, .)
 *(SORT(.init_array.*))
 *(.init_array*)
 .init_array    0x00004588        0x4 c:/freescale/kds_v3/toolchain/bin/../lib/gcc/arm-none-eabi/4.8.4/armv7e-m/fpu/crtbegin.o
                0x0000458c                PROVIDE (__init_array_end, .)

.fini_array     0x0000458c        0x4
                0x0000458c                PROVIDE (__fini_array_start, .)
 *(SORT(.fini_array.*))
 *(.fini_array*)
 .fini_array    0x0000458c        0x4 c:/freescale/kds_v3/toolchain/bin/../lib/gcc/arm-none-eabi/4.8.4/armv7e-m/fpu/crtbegin.o
                0x00004590                PROVIDE (__fini_array_end, .)
                0x00004590                __etext = .
                0x00004590                __DATA_ROM = .

.interrupts_ram
                0x1fff0000        0x0
                0x1fff0000                . = ALIGN (0x4)
                0x1fff0000                __VECTOR_RAM__ = .
                0x1fff0000                __interrupts_ram_start__ = .
 *(.m_interrupts_ram)
                0x1fff0000                . = (. + M_VECTOR_RAM_SIZE)
                0x1fff0000                . = ALIGN (0x4)
                0x1fff0000                __interrupts_ram_end__ = .
                0x00000000                __VECTOR_RAM = DEFINED (__ram_vector_table__)?__VECTOR_RAM__:ORIGIN (m_interrupts)
                0x00000000                __RAM_VECTOR_TABLE_SIZE_BYTES = DEFINED (__ram_vector_table__)?(__interrupts_ram_end__ - __interrupts_ram_start__):0x0

.data           0x1fff0000      0x140 load address 0x00004590
                0x1fff0000                . = ALIGN (0x4)
                0x1fff0000                __DATA_RAM = .
                0x1fff0000                __data_start__ = .
 *(.data)
 *(.data*)
 .data.idle_thread
                0x1fff0000       0x24 ./uLipeRtosPico/picokernel/k_kernel.o
                0x1fff0000                idle_thread
 .data.SystemCoreClock
                0x1fff0024        0x4 ./devices/system_MK82F25615.o
                0x1fff0024                SystemCoreClock
 .data.demo_thread
                0x1fff0028       0x24 ./gpio_input_interrupt.o
                0x1fff0028                demo_thread
 .data.yield_thread
                0x1fff004c       0x24 ./gpio_input_interrupt.o
                0x1fff004c                yield_thread
 .data.button_handler
                0x1fff0070       0x24 ./gpio_input_interrupt.o
                0x1fff0070                button_handler
 .data.button_sync
                0x1fff0094       0x48 ./gpio_input_interrupt.o
 .data.impure_data
                0x1fff00dc       0x60 c:/freescale/kds_v3/toolchain/bin/../lib/gcc/arm-none-eabi/4.8.4/../../../../arm-none-eabi/lib/armv7e-m/fpu\libg_s.a(lib_a-impure.o)
 *(.jcr*)
 .jcr           0x1fff013c        0x0 c:/freescale/kds_v3/toolchain/bin/../lib/gcc/arm-none-eabi/4.8.4/armv7e-m/fpu/crtbegin.o
 .jcr           0x1fff013c        0x4 c:/freescale/kds_v3/toolchain/bin/../lib/gcc/arm-none-eabi/4.8.4/armv7e-m/fpu/crtend.o
                0x1fff0140                . = ALIGN (0x4)
                0x1fff0140                __data_end__ = .
                0x000046d0                __DATA_END = (__DATA_ROM + (__data_end__ - __data_start__))
                0x00040000                text_end = (ORIGIN (m_text) + 0x3fbf0)
                0x00000001                ASSERT ((__DATA_END <= text_end), region m_text overflowed with text and data)

.igot.plt       0x1fff0140        0x0 load address 0x000046d0
 .igot.plt      0x00000000        0x0 c:/freescale/kds_v3/toolchain/bin/../lib/gcc/arm-none-eabi/4.8.4/armv7e-m/fpu/crtbegin.o

.bss            0x1fff0140      0xefc load address 0x000046d0
                0x1fff0140                . = ALIGN (0x4)
                0x1fff0140                __START_BSS = .
                0x1fff0140                __bss_start__ = .
 *(.bss)
 .bss           0x1fff0140       0x1c c:/freescale/kds_v3/toolchain/bin/../lib/gcc/arm-none-eabi/4.8.4/armv7e-m/fpu/crtbegin.o
 *(.bss*)
 .bss.stack_idle_thread
                0x1fff015c       0xc0 ./uLipeRtosPico/picokernel/k_kernel.o
 .bss.k_rdy_list
                0x1fff021c       0x3c ./uLipeRtosPico/picokernel/k_kernel.o
 .bss.k_timed_list
                0x1fff0258        0x8 ./uLipeRtosPico/picokernel/k_kernel.o
 .bss.k_configured
                0x1fff0260        0x1 ./uLipeRtosPico/picokernel/k_kernel.o
 *fill*         0x1fff0261        0x3 
 .bss.irq_counter
                0x1fff0264        0x4 ./uLipeRtosPico/picokernel/k_kernel.o
 .bss.k_running
                0x1fff0268        0x1 ./uLipeRtosPico/picokernel/k_kernel.o
                0x1fff0268                k_running
 *fill*         0x1fff0269        0x3 
 .bss.k_current_task
                0x1fff026c        0x4 ./uLipeRtosPico/picokernel/k_kernel.o
                0x1fff026c                k_current_task
 .bss.k_high_prio_task
                0x1fff0270        0x4 ./uLipeRtosPico/picokernel/k_kernel.o
                0x1fff0270                k_high_prio_task
 .bss.s_debugConsole
                0x1fff0274       0x10 ./devices/utilities/fsl_debug_console.o
 .bss.g_xtal0Freq
                0x1fff0284        0x4 ./devices/drivers/fsl_clock.o
                0x1fff0284                g_xtal0Freq
 .bss.g_dspiHandle
                0x1fff0288        0xc ./devices/drivers/fsl_dspi.o
 .bss.s_dspiMasterIsr
                0x1fff0294        0x4 ./devices/drivers/fsl_dspi.o
 .bss.s_dspiSlaveIsr
                0x1fff0298        0x4 ./devices/drivers/fsl_dspi.o
 .bss.s_EDMAHandle
                0x1fff029c       0x80 ./devices/drivers/fsl_edma.o
 .bss.s_flexioHandle
                0x1fff031c        0x8 ./devices/drivers/fsl_flexio.o
 .bss.s_flexioType
                0x1fff0324        0x8 ./devices/drivers/fsl_flexio.o
 .bss.s_flexioIsr
                0x1fff032c        0x8 ./devices/drivers/fsl_flexio.o
 .bss.s_i2cHandle
                0x1fff0334       0x10 ./devices/drivers/fsl_i2c.o
 .bss.s_i2cMasterIsr
                0x1fff0344        0x4 ./devices/drivers/fsl_i2c.o
 .bss.s_i2cSlaveIsr
                0x1fff0348        0x4 ./devices/drivers/fsl_i2c.o
 .bss.s_lpuartHandle
                0x1fff034c       0x14 ./devices/drivers/fsl_lpuart.o
 .bss.s_lpuartIsr
                0x1fff0360        0x4 ./devices/drivers/fsl_lpuart.o
 .bss.s_saiHandle
                0x1fff0364        0x8 ./devices/drivers/fsl_sai.o
                0x1fff0364                s_saiHandle
 .bss.s_saiTxIsr
                0x1fff036c        0x4 ./devices/drivers/fsl_sai.o
 .bss.s_saiRxIsr
                0x1fff0370        0x4 ./devices/drivers/fsl_sai.o
 .bss.s_sdhcHandle
                0x1fff0374        0x4 ./devices/drivers/fsl_sdhc.o
 .bss.s_sdhcIsr
                0x1fff0378        0x4 ./devices/drivers/fsl_sdhc.o
 .bss.stack_demo_thread
                0x1fff037c      0x440 ./gpio_input_interrupt.o
 .bss.stack_yield_thread
                0x1fff07bc      0x440 ./gpio_input_interrupt.o
 .bss.stack_button_handler
                0x1fff0bfc      0x440 ./gpio_input_interrupt.o
 *(COMMON)
                0x1fff103c                . = ALIGN (0x4)
                0x1fff103c                __bss_end__ = .
                0x1fff103c                __END_BSS = .

.heap           0x20000000      0x400
                0x20000000                . = ALIGN (0x8)
                0x20000000                __end__ = .
                0x20000000                PROVIDE (end, .)
                0x20000000                __HeapBase = .
                0x20000400                . = (. + HEAP_SIZE)
 *fill*         0x20000000      0x400 
                0x20000400                __HeapLimit = .
                0x20000400                __heap_limit = .

.stack          0x20000400      0x400
                0x20000400                . = ALIGN (0x8)
                0x20000800                . = (. + STACK_SIZE)
 *fill*         0x20000400      0x400 
                0x20030000                __StackTop = (ORIGIN (m_data_2) + 0x30000)
                0x2002fc00                __StackLimit = (__StackTop - STACK_SIZE)
                0x20030000                PROVIDE (__stack, __StackTop)

.ARM.attributes
                0x00000000       0x30
 *(.ARM.attributes)
 .ARM.attributes
                0x00000000       0x22 c:/freescale/kds_v3/toolchain/bin/../lib/gcc/arm-none-eabi/4.8.4/armv7e-m/fpu/crti.o
 .ARM.attributes
                0x00000022       0x34 c:/freescale/kds_v3/toolchain/bin/../lib/gcc/arm-none-eabi/4.8.4/armv7e-m/fpu/crtbegin.o
 .ARM.attributes
                0x00000056       0x20 c:/freescale/kds_v3/toolchain/bin/../lib/gcc/arm-none-eabi/4.8.4/../../../../arm-none-eabi/lib/armv7e-m/fpu/crt0.o
 .ARM.attributes
                0x00000076       0x39 ./uLipeRtosPico/picokernel/k_kernel.o
 .ARM.attributes
                0x000000af       0x39 ./uLipeRtosPico/picokernel/k_sema.o
 .ARM.attributes
                0x000000e8       0x39 ./uLipeRtosPico/picokernel/k_thread.o
 .ARM.attributes
                0x00000121       0x39 ./uLipeRtosPico/arch/arm_cm3_4_7/k_port_cm3_4_7.o
 .ARM.attributes
                0x0000015a       0x25 ./uLipeRtosPico/arch/arm_cm3_4_7/k_port_cm3_4_7_a.o
 .ARM.attributes
                0x0000017f       0x39 ./devices/utilities/fsl_debug_console.o
 .ARM.attributes
                0x000001b8       0x1f ./devices/gcc/startup_MK82F25615.o
 .ARM.attributes
                0x000001d7       0x39 ./devices/drivers/fsl_clock.o
 .ARM.attributes
                0x00000210       0x39 ./devices/drivers/fsl_common.o
 .ARM.attributes
                0x00000249       0x39 ./devices/drivers/fsl_dspi.o
 .ARM.attributes
                0x00000282       0x39 ./devices/drivers/fsl_edma.o
 .ARM.attributes
                0x000002bb       0x39 ./devices/drivers/fsl_flexio.o
 .ARM.attributes
                0x000002f4       0x39 ./devices/drivers/fsl_gpio.o
 .ARM.attributes
                0x0000032d       0x39 ./devices/drivers/fsl_i2c.o
 .ARM.attributes
                0x00000366       0x39 ./devices/drivers/fsl_lpuart.o
 .ARM.attributes
                0x0000039f       0x39 ./devices/drivers/fsl_sai.o
 .ARM.attributes
                0x000003d8       0x39 ./devices/drivers/fsl_sdhc.o
 .ARM.attributes
                0x00000411       0x39 ./devices/system_MK82F25615.o
 .ARM.attributes
                0x0000044a       0x39 ./boards/board.o
 .ARM.attributes
                0x00000483       0x39 ./boards/clock_config.o
 .ARM.attributes
                0x000004bc       0x39 ./boards/pin_mux.o
 .ARM.attributes
                0x000004f5       0x39 ./gpio_input_interrupt.o
 .ARM.attributes
                0x0000052e       0x34 c:/freescale/kds_v3/toolchain/bin/../lib/gcc/arm-none-eabi/4.8.4/../../../../arm-none-eabi/lib/armv7e-m/fpu\libg_s.a(lib_a-exit.o)
 .ARM.attributes
                0x00000562       0x34 c:/freescale/kds_v3/toolchain/bin/../lib/gcc/arm-none-eabi/4.8.4/../../../../arm-none-eabi/lib/armv7e-m/fpu\libg_s.a(lib_a-impure.o)
 .ARM.attributes
                0x00000596       0x34 c:/freescale/kds_v3/toolchain/bin/../lib/gcc/arm-none-eabi/4.8.4/../../../../arm-none-eabi/lib/armv7e-m/fpu\libg_s.a(lib_a-init.o)
 .ARM.attributes
                0x000005ca       0x34 c:/freescale/kds_v3/toolchain/bin/../lib/gcc/arm-none-eabi/4.8.4/../../../../arm-none-eabi/lib/armv7e-m/fpu\libg_s.a(lib_a-memset.o)
 .ARM.attributes
                0x000005fe       0x34 c:/freescale/kds_v3/toolchain/bin/../lib/gcc/arm-none-eabi/4.8.4/../../../../arm-none-eabi/lib/armv7e-m/fpu\libg_s.a(lib_a-strlen.o)
 .ARM.attributes
                0x00000632       0x34 c:/freescale/kds_v3/toolchain/bin/../lib/gcc/arm-none-eabi/4.8.4/../../../../arm-none-eabi/lib/armv7e-m/fpu\libnosys.a(_exit.o)
 .ARM.attributes
                0x00000666       0x34 c:/freescale/kds_v3/toolchain/bin/../lib/gcc/arm-none-eabi/4.8.4/armv7e-m/fpu/crtend.o
 .ARM.attributes
                0x0000069a       0x22 c:/freescale/kds_v3/toolchain/bin/../lib/gcc/arm-none-eabi/4.8.4/armv7e-m/fpu/crtn.o
                0x00000001                ASSERT ((__StackLimit >= __HeapLimit), region m_data_2 overflowed with stack and heap)
OUTPUT(gpio_input_interrupt_frdmk82f.elf elf32-littlearm)

.debug_info     0x00000000    0x14c94
 .debug_info    0x00000000      0x7a4 ./uLipeRtosPico/picokernel/k_kernel.o
 .debug_info    0x000007a4      0x4a3 ./uLipeRtosPico/picokernel/k_sema.o
 .debug_info    0x00000c47      0x71d ./uLipeRtosPico/picokernel/k_thread.o
 .debug_info    0x00001364      0x46f ./uLipeRtosPico/arch/arm_cm3_4_7/k_port_cm3_4_7.o
 .debug_info    0x000017d3       0xa5 ./uLipeRtosPico/arch/arm_cm3_4_7/k_port_cm3_4_7_a.o
 .debug_info    0x00001878      0xc46 ./devices/utilities/fsl_debug_console.o
 .debug_info    0x000024be       0x94 ./devices/gcc/startup_MK82F25615.o
 .debug_info    0x00002552     0x2038 ./devices/drivers/fsl_clock.o
 .debug_info    0x0000458a      0x746 ./devices/drivers/fsl_common.o
 .debug_info    0x00004cd0     0x23c1 ./devices/drivers/fsl_dspi.o
 .debug_info    0x00007091     0x253d ./devices/drivers/fsl_edma.o
 .debug_info    0x000095ce     0x1198 ./devices/drivers/fsl_flexio.o
 .debug_info    0x0000a766      0x59b ./devices/drivers/fsl_gpio.o
 .debug_info    0x0000ad01     0x1e9e ./devices/drivers/fsl_i2c.o
 .debug_info    0x0000cb9f     0x1a22 ./devices/drivers/fsl_lpuart.o
 .debug_info    0x0000e5c1     0x1d12 ./devices/drivers/fsl_sai.o
 .debug_info    0x000102d3     0x22b3 ./devices/drivers/fsl_sdhc.o
 .debug_info    0x00012586      0x5f0 ./devices/system_MK82F25615.o
 .debug_info    0x00012b76      0x35f ./boards/board.o
 .debug_info    0x00012ed5      0xa6f ./boards/clock_config.o
 .debug_info    0x00013944      0x67e ./boards/pin_mux.o
 .debug_info    0x00013fc2      0xcd2 ./gpio_input_interrupt.o

.debug_abbrev   0x00000000     0x2c28
 .debug_abbrev  0x00000000      0x27b ./uLipeRtosPico/picokernel/k_kernel.o
 .debug_abbrev  0x0000027b      0x15c ./uLipeRtosPico/picokernel/k_sema.o
 .debug_abbrev  0x000003d7      0x209 ./uLipeRtosPico/picokernel/k_thread.o
 .debug_abbrev  0x000005e0      0x160 ./uLipeRtosPico/arch/arm_cm3_4_7/k_port_cm3_4_7.o
 .debug_abbrev  0x00000740       0x14 ./uLipeRtosPico/arch/arm_cm3_4_7/k_port_cm3_4_7_a.o
 .debug_abbrev  0x00000754      0x257 ./devices/utilities/fsl_debug_console.o
 .debug_abbrev  0x000009ab       0x14 ./devices/gcc/startup_MK82F25615.o
 .debug_abbrev  0x000009bf      0x2fe ./devices/drivers/fsl_clock.o
 .debug_abbrev  0x00000cbd      0x230 ./devices/drivers/fsl_common.o
 .debug_abbrev  0x00000eed      0x2d4 ./devices/drivers/fsl_dspi.o
 .debug_abbrev  0x000011c1      0x389 ./devices/drivers/fsl_edma.o
 .debug_abbrev  0x0000154a      0x240 ./devices/drivers/fsl_flexio.o
 .debug_abbrev  0x0000178a      0x192 ./devices/drivers/fsl_gpio.o
 .debug_abbrev  0x0000191c      0x326 ./devices/drivers/fsl_i2c.o
 .debug_abbrev  0x00001c42      0x28c ./devices/drivers/fsl_lpuart.o
 .debug_abbrev  0x00001ece      0x2a4 ./devices/drivers/fsl_sai.o
 .debug_abbrev  0x00002172      0x28f ./devices/drivers/fsl_sdhc.o
 .debug_abbrev  0x00002401      0x117 ./devices/system_MK82F25615.o
 .debug_abbrev  0x00002518      0x117 ./boards/board.o
 .debug_abbrev  0x0000262f      0x1e5 ./boards/clock_config.o
 .debug_abbrev  0x00002814      0x1ad ./boards/pin_mux.o
 .debug_abbrev  0x000029c1      0x267 ./gpio_input_interrupt.o

.debug_aranges  0x00000000     0x11a8
 .debug_aranges
                0x00000000       0xb0 ./uLipeRtosPico/picokernel/k_kernel.o
 .debug_aranges
                0x000000b0       0x48 ./uLipeRtosPico/picokernel/k_sema.o
 .debug_aranges
                0x000000f8       0x88 ./uLipeRtosPico/picokernel/k_thread.o
 .debug_aranges
                0x00000180       0x48 ./uLipeRtosPico/arch/arm_cm3_4_7/k_port_cm3_4_7.o
 .debug_aranges
                0x000001c8       0x20 ./uLipeRtosPico/arch/arm_cm3_4_7/k_port_cm3_4_7_a.o
 .debug_aranges
                0x000001e8       0x90 ./devices/utilities/fsl_debug_console.o
 .debug_aranges
                0x00000278       0x20 ./devices/gcc/startup_MK82F25615.o
 .debug_aranges
                0x00000298      0x1f8 ./devices/drivers/fsl_clock.o
 .debug_aranges
                0x00000490       0x38 ./devices/drivers/fsl_common.o
 .debug_aranges
                0x000004c8      0x1a8 ./devices/drivers/fsl_dspi.o
 .debug_aranges
                0x00000670      0x348 ./devices/drivers/fsl_edma.o
 .debug_aranges
                0x000009b8       0xa8 ./devices/drivers/fsl_flexio.o
 .debug_aranges
                0x00000a60       0x40 ./devices/drivers/fsl_gpio.o
 .debug_aranges
                0x00000aa0      0x188 ./devices/drivers/fsl_i2c.o
 .debug_aranges
                0x00000c28      0x138 ./devices/drivers/fsl_lpuart.o
 .debug_aranges
                0x00000d60      0x168 ./devices/drivers/fsl_sai.o
 .debug_aranges
                0x00000ec8      0x198 ./devices/drivers/fsl_sdhc.o
 .debug_aranges
                0x00001060       0x28 ./devices/system_MK82F25615.o
 .debug_aranges
                0x00001088       0x28 ./boards/board.o
 .debug_aranges
                0x000010b0       0x58 ./boards/clock_config.o
 .debug_aranges
                0x00001108       0x38 ./boards/pin_mux.o
 .debug_aranges
                0x00001140       0x68 ./gpio_input_interrupt.o

.debug_ranges   0x00000000     0x1028
 .debug_ranges  0x00000000       0xa0 ./uLipeRtosPico/picokernel/k_kernel.o
 .debug_ranges  0x000000a0       0x38 ./uLipeRtosPico/picokernel/k_sema.o
 .debug_ranges  0x000000d8       0x78 ./uLipeRtosPico/picokernel/k_thread.o
 .debug_ranges  0x00000150       0x38 ./uLipeRtosPico/arch/arm_cm3_4_7/k_port_cm3_4_7.o
 .debug_ranges  0x00000188       0x80 ./devices/utilities/fsl_debug_console.o
 .debug_ranges  0x00000208      0x1e8 ./devices/drivers/fsl_clock.o
 .debug_ranges  0x000003f0       0x28 ./devices/drivers/fsl_common.o
 .debug_ranges  0x00000418      0x198 ./devices/drivers/fsl_dspi.o
 .debug_ranges  0x000005b0      0x338 ./devices/drivers/fsl_edma.o
 .debug_ranges  0x000008e8       0x98 ./devices/drivers/fsl_flexio.o
 .debug_ranges  0x00000980       0x30 ./devices/drivers/fsl_gpio.o
 .debug_ranges  0x000009b0      0x178 ./devices/drivers/fsl_i2c.o
 .debug_ranges  0x00000b28      0x128 ./devices/drivers/fsl_lpuart.o
 .debug_ranges  0x00000c50      0x158 ./devices/drivers/fsl_sai.o
 .debug_ranges  0x00000da8      0x188 ./devices/drivers/fsl_sdhc.o
 .debug_ranges  0x00000f30       0x18 ./devices/system_MK82F25615.o
 .debug_ranges  0x00000f48       0x18 ./boards/board.o
 .debug_ranges  0x00000f60       0x48 ./boards/clock_config.o
 .debug_ranges  0x00000fa8       0x28 ./boards/pin_mux.o
 .debug_ranges  0x00000fd0       0x58 ./gpio_input_interrupt.o

.debug_line     0x00000000     0x5e93
 .debug_line    0x00000000      0x346 ./uLipeRtosPico/picokernel/k_kernel.o
 .debug_line    0x00000346      0x212 ./uLipeRtosPico/picokernel/k_sema.o
 .debug_line    0x00000558      0x30d ./uLipeRtosPico/picokernel/k_thread.o
 .debug_line    0x00000865      0x1c4 ./uLipeRtosPico/arch/arm_cm3_4_7/k_port_cm3_4_7.o
 .debug_line    0x00000a29       0xa8 ./uLipeRtosPico/arch/arm_cm3_4_7/k_port_cm3_4_7_a.o
 .debug_line    0x00000ad1      0x54c ./devices/utilities/fsl_debug_console.o
 .debug_line    0x0000101d      0x14a ./devices/gcc/startup_MK82F25615.o
 .debug_line    0x00001167      0x929 ./devices/drivers/fsl_clock.o
 .debug_line    0x00001a90      0x1c2 ./devices/drivers/fsl_common.o
 .debug_line    0x00001c52      0x998 ./devices/drivers/fsl_dspi.o
 .debug_line    0x000025ea      0xc7c ./devices/drivers/fsl_edma.o
 .debug_line    0x00003266      0x317 ./devices/drivers/fsl_flexio.o
 .debug_line    0x0000357d      0x174 ./devices/drivers/fsl_gpio.o
 .debug_line    0x000036f1      0x904 ./devices/drivers/fsl_i2c.o
 .debug_line    0x00003ff5      0x758 ./devices/drivers/fsl_lpuart.o
 .debug_line    0x0000474d      0x70b ./devices/drivers/fsl_sai.o
 .debug_line    0x00004e58      0x851 ./devices/drivers/fsl_sdhc.o
 .debug_line    0x000056a9      0x131 ./devices/system_MK82F25615.o
 .debug_line    0x000057da      0x102 ./boards/board.o
 .debug_line    0x000058dc      0x1bd ./boards/clock_config.o
 .debug_line    0x00005a99      0x148 ./boards/pin_mux.o
 .debug_line    0x00005be1      0x2b2 ./gpio_input_interrupt.o

.debug_str      0x00000000     0xa891
 .debug_str     0x00000000      0x590 ./uLipeRtosPico/picokernel/k_kernel.o
                                0x607 (size before relaxing)
 .debug_str     0x00000590       0xc6 ./uLipeRtosPico/picokernel/k_sema.o
                                0x4db (size before relaxing)
 .debug_str     0x00000656      0x180 ./uLipeRtosPico/picokernel/k_thread.o
                                0x5c0 (size before relaxing)
 .debug_str     0x000007d6      0x11e ./uLipeRtosPico/arch/arm_cm3_4_7/k_port_cm3_4_7.o
                                0x459 (size before relaxing)
 .debug_str     0x000008f4      0xaad ./devices/utilities/fsl_debug_console.o
                                0xd38 (size before relaxing)
 .debug_str     0x000013a1     0x15aa ./devices/drivers/fsl_clock.o
                               0x1d40 (size before relaxing)
 .debug_str     0x0000294b      0x780 ./devices/drivers/fsl_common.o
                                0xa25 (size before relaxing)
 .debug_str     0x000030cb     0x11f7 ./devices/drivers/fsl_dspi.o
                               0x2399 (size before relaxing)
 .debug_str     0x000042c2     0x1201 ./devices/drivers/fsl_edma.o
                               0x25f6 (size before relaxing)
 .debug_str     0x000054c3     0x12af ./devices/drivers/fsl_flexio.o
                               0x1dff (size before relaxing)
 .debug_str     0x00006772      0x187 ./devices/drivers/fsl_gpio.o
                                0x85e (size before relaxing)
 .debug_str     0x000068f9      0xbf4 ./devices/drivers/fsl_i2c.o
                               0x1e27 (size before relaxing)
 .debug_str     0x000074ed      0xadf ./devices/drivers/fsl_lpuart.o
                               0x1e74 (size before relaxing)
 .debug_str     0x00007fcc      0x9ef ./devices/drivers/fsl_sai.o
                               0x1c59 (size before relaxing)
 .debug_str     0x000089bb     0x1533 ./devices/drivers/fsl_sdhc.o
                               0x2798 (size before relaxing)
 .debug_str     0x00009eee       0xba ./devices/system_MK82F25615.o
                                0x411 (size before relaxing)
 .debug_str     0x00009fa8       0x4d ./boards/board.o
                                0x375 (size before relaxing)
 .debug_str     0x00009ff5      0x35f ./boards/clock_config.o
                                0xec8 (size before relaxing)
 .debug_str     0x0000a354      0x354 ./boards/pin_mux.o
                                0x8e4 (size before relaxing)
 .debug_str     0x0000a6a8      0x1e9 ./gpio_input_interrupt.o
                               0x133c (size before relaxing)

.comment        0x00000000       0x70
 .comment       0x00000000       0x70 ./uLipeRtosPico/picokernel/k_kernel.o
                                 0x71 (size before relaxing)
 .comment       0x00000000       0x71 ./uLipeRtosPico/picokernel/k_sema.o
 .comment       0x00000000       0x71 ./uLipeRtosPico/picokernel/k_thread.o
 .comment       0x00000000       0x71 ./uLipeRtosPico/arch/arm_cm3_4_7/k_port_cm3_4_7.o
 .comment       0x00000000       0x71 ./devices/utilities/fsl_debug_console.o
 .comment       0x00000000       0x71 ./devices/drivers/fsl_clock.o
 .comment       0x00000000       0x71 ./devices/drivers/fsl_common.o
 .comment       0x00000000       0x71 ./devices/drivers/fsl_dspi.o
 .comment       0x00000000       0x71 ./devices/drivers/fsl_edma.o
 .comment       0x00000000       0x71 ./devices/drivers/fsl_flexio.o
 .comment       0x00000000       0x71 ./devices/drivers/fsl_gpio.o
 .comment       0x00000000       0x71 ./devices/drivers/fsl_i2c.o
 .comment       0x00000000       0x71 ./devices/drivers/fsl_lpuart.o
 .comment       0x00000000       0x71 ./devices/drivers/fsl_sai.o
 .comment       0x00000000       0x71 ./devices/drivers/fsl_sdhc.o
 .comment       0x00000000       0x71 ./devices/system_MK82F25615.o
 .comment       0x00000000       0x71 ./boards/board.o
 .comment       0x00000000       0x71 ./boards/clock_config.o
 .comment       0x00000000       0x71 ./boards/pin_mux.o
 .comment       0x00000000       0x71 ./gpio_input_interrupt.o

.debug_frame    0x00000000     0x3c3c
 .debug_frame   0x00000000      0x258 ./uLipeRtosPico/picokernel/k_kernel.o
 .debug_frame   0x00000258       0xd0 ./uLipeRtosPico/picokernel/k_sema.o
 .debug_frame   0x00000328      0x1c4 ./uLipeRtosPico/picokernel/k_thread.o
 .debug_frame   0x000004ec       0xbc ./uLipeRtosPico/arch/arm_cm3_4_7/k_port_cm3_4_7.o
 .debug_frame   0x000005a8      0x1ec ./devices/utilities/fsl_debug_console.o
 .debug_frame   0x00000794      0x6e4 ./devices/drivers/fsl_clock.o
 .debug_frame   0x00000e78       0x88 ./devices/drivers/fsl_common.o
 .debug_frame   0x00000f00      0x604 ./devices/drivers/fsl_dspi.o
 .debug_frame   0x00001504      0xbb8 ./devices/drivers/fsl_edma.o
 .debug_frame   0x000020bc      0x228 ./devices/drivers/fsl_flexio.o
 .debug_frame   0x000022e4       0xac ./devices/drivers/fsl_gpio.o
 .debug_frame   0x00002390      0x590 ./devices/drivers/fsl_i2c.o
 .debug_frame   0x00002920      0x45c ./devices/drivers/fsl_lpuart.o
 .debug_frame   0x00002d7c      0x4fc ./devices/drivers/fsl_sai.o
 .debug_frame   0x00003278      0x5cc ./devices/drivers/fsl_sdhc.o
 .debug_frame   0x00003844       0x44 ./devices/system_MK82F25615.o
 .debug_frame   0x00003888       0x4c ./boards/board.o
 .debug_frame   0x000038d4       0xec ./boards/clock_config.o
 .debug_frame   0x000039c0       0x88 ./boards/pin_mux.o
 .debug_frame   0x00003a48      0x140 ./gpio_input_interrupt.o
 .debug_frame   0x00003b88       0x28 c:/freescale/kds_v3/toolchain/bin/../lib/gcc/arm-none-eabi/4.8.4/../../../../arm-none-eabi/lib/armv7e-m/fpu\libg_s.a(lib_a-exit.o)
 .debug_frame   0x00003bb0       0x2c c:/freescale/kds_v3/toolchain/bin/../lib/gcc/arm-none-eabi/4.8.4/../../../../arm-none-eabi/lib/armv7e-m/fpu\libg_s.a(lib_a-init.o)
 .debug_frame   0x00003bdc       0x20 c:/freescale/kds_v3/toolchain/bin/../lib/gcc/arm-none-eabi/4.8.4/../../../../arm-none-eabi/lib/armv7e-m/fpu\libg_s.a(lib_a-memset.o)
 .debug_frame   0x00003bfc       0x20 c:/freescale/kds_v3/toolchain/bin/../lib/gcc/arm-none-eabi/4.8.4/../../../../arm-none-eabi/lib/armv7e-m/fpu\libg_s.a(lib_a-strlen.o)
 .debug_frame   0x00003c1c       0x20 c:/freescale/kds_v3/toolchain/bin/../lib/gcc/arm-none-eabi/4.8.4/../../../../arm-none-eabi/lib/armv7e-m/fpu\libnosys.a(_exit.o)
